2025-10-17T14:23:53+05:30 [INFO]: Starting Elements text Box Test
2025-10-17T14:23:54+05:30 [INFO]: Status: 201 Created
2025-10-17T14:23:54+05:30 [INFO]: New user details : {
  "id": 8191308,
  "name": "Ram 1760691233458",
  "email": "ram.1760691233458@on3.com",
  "gender": "male",
  "status": "active"
}
2025-10-17T14:23:54+05:30 [INFO]: updating user details : [object Promise]
2025-10-17T14:23:54+05:30 [INFO]: updating user details : [object Promise]
2025-10-17T14:24:34+05:30 [INFO]: Starting Elements text Box Test
2025-10-17T14:24:34+05:30 [INFO]: Status: 201 Created
2025-10-17T14:24:34+05:30 [INFO]: New user details : {
  "id": 8191310,
  "name": "Ram 1760691274025",
  "email": "ram.1760691274025@on3.com",
  "gender": "male",
  "status": "active"
}
2025-10-17T14:24:34+05:30 [INFO]: updating user details : [object Promise]
2025-10-17T14:24:35+05:30 [INFO]: updating user details : [object Promise]
2025-10-17T14:28:45+05:30 [INFO]: Starting Elements text Box Test
2025-10-17T14:28:46+05:30 [INFO]: Status: 201 Created
2025-10-17T14:28:46+05:30 [INFO]: New user details : {
  "id": 8191311,
  "name": "Ram 1760691525699",
  "email": "ram.1760691525699@on3.com",
  "gender": "male",
  "status": "active"
}
2025-10-17T14:28:46+05:30 [INFO]: updating user details : [object Promise]
2025-10-17T14:28:46+05:30 [INFO]: Status: 422 Unprocessable Entity
2025-10-17T14:28:46+05:30 [INFO]: Status: 404 Not Found
2025-10-17T14:28:46+05:30 [INFO]: updating user details : [object Promise]
2025-10-17T14:44:14+05:30 [INFO]: Starting Elements text Box Test
2025-10-17T14:44:16+05:30 [INFO]: Status: 201 Created
2025-10-17T14:44:16+05:30 [INFO]: {
  "id": 8191327,
  "name": "Ram 1760692454997",
  "email": "ram.1760692454997@on3.com",
  "gender": "male",
  "status": "active"
}
2025-10-17T14:44:16+05:30 [INFO]: Starting Elements text Box Test
2025-10-17T14:44:16+05:30 [INFO]: Status: 201 Created
2025-10-17T14:44:16+05:30 [INFO]: New user details : {
  "id": 8191328,
  "name": "Ram 1760692456527",
  "email": "ram.1760692456527@on3.com",
  "gender": "male",
  "status": "active"
}
2025-10-17T14:44:16+05:30 [INFO]: updating user details : {}
2025-10-17T14:44:16+05:30 [INFO]: updating user details : {}
2025-10-17T14:52:05+05:30 [INFO]: Starting Elements text Box Test
2025-10-17T14:52:06+05:30 [INFO]: Status: 401 Unauthorized
2025-10-17T14:52:06+05:30 [INFO]: {
  "message": "Invalid token"
}
2025-10-17T14:53:37+05:30 [INFO]: Starting Elements text Box Test
2025-10-17T14:53:38+05:30 [INFO]: Status: 401 Unauthorized
2025-10-17T14:53:38+05:30 [INFO]: {
  "message": "Invalid token"
}
2025-10-17T15:06:21+05:30 [INFO]: Starting Elements text Box Test
2025-10-17T15:06:22+05:30 [INFO]: Status: 201 Created
2025-10-17T15:06:22+05:30 [INFO]: {
  "id": 8191347,
  "name": "Ram 1760693781177",
  "email": "ram.1760693781177@on3.com",
  "gender": "male",
  "status": "active"
}
2025-10-17T15:08:07+05:30 [INFO]: Starting Elements text Box Test
2025-10-17T15:08:07+05:30 [INFO]: Status: 201 Created
2025-10-17T15:08:07+05:30 [INFO]: {
  "id": 8191348,
  "name": "Ram 1760693887280",
  "email": "ram.1760693887280@on3.com",
  "gender": "male",
  "status": "active"
}
2025-10-17T15:10:20+05:30 [INFO]: Starting Elements text Box Test
2025-10-17T15:10:32+05:30 [INFO]: Status: 201 Created
2025-10-17T15:10:46+05:30 [INFO]: New user details : {
  "id": 8191351,
  "name": "Ram 1760694028923",
  "email": "ram.1760694028923@on3.com",
  "gender": "male",
  "status": "active"
}
2025-10-17T15:12:23+05:30 [INFO]: Starting Elements text Box Test
2025-10-17T15:12:34+05:30 [INFO]: Status: 201 Created
2025-10-17T15:12:44+05:30 [INFO]: New user details : {
  "id": 8191354,
  "name": "Ram 1760694149726",
  "email": "ram.1760694149726@on3.com",
  "gender": "male",
  "status": "active"
}
2025-10-17T15:21:15+05:30 [INFO]: updating user details : {}
2025-10-17T15:21:15+05:30 [INFO]: updating user details : {}
2025-10-17T15:21:32+05:30 [INFO]: Starting Elements text Box Test
2025-10-17T15:21:32+05:30 [INFO]: Status: 201 Created
2025-10-17T15:21:32+05:30 [INFO]: New user details : {
  "id": 8191363,
  "name": "Ram 1760694692202",
  "email": "ram.1760694692202@on3.com",
  "gender": "male",
  "status": "active"
}
2025-10-17T15:21:32+05:30 [INFO]: updating user details : {}
2025-10-17T15:21:32+05:30 [INFO]: updating user details : {}
2025-10-20T12:11:16+05:30 [INFO]: Starting Elements text Box Test
2025-10-20T12:11:20+05:30 [INFO]: Status: 201 Created
2025-10-20T12:11:20+05:30 [INFO]: {
  "id": 8195082,
  "name": "Ram 1760942476637",
  "email": "ram.1760942476637@on3.com",
  "gender": "male",
  "status": "active"
}
2025-10-20T12:11:21+05:30 [INFO]: Starting Elements text Box Test
2025-10-20T12:11:21+05:30 [INFO]: Status: 201 Created
2025-10-20T12:11:21+05:30 [INFO]: New user details : {
  "id": 8195083,
  "name": "Ram 1760942481190",
  "email": "ram.1760942481190@on3.com",
  "gender": "male",
  "status": "active"
}
2025-10-20T12:11:21+05:30 [INFO]: updating user details : {}
2025-10-20T12:11:21+05:30 [INFO]: updating user details : {}
2025-10-20T12:12:12+05:30 [INFO]: Starting Elements text Box Test
2025-10-20T12:12:16+05:30 [INFO]: Status: 201 Created
2025-10-20T12:12:16+05:30 [INFO]: New user details : {
  "id": 8195084,
  "name": "Ram 1760942532541",
  "email": "ram.1760942532541@on3.com",
  "gender": "male",
  "status": "active"
}
2025-10-20T12:12:16+05:30 [INFO]: updating user details : {}
2025-10-20T12:12:16+05:30 [INFO]: updating user details : {}
2025-10-20T12:13:24+05:30 [INFO]: Starting Elements text Box Test
2025-10-20T12:13:26+05:30 [INFO]: Status: 201 Created
2025-10-20T12:13:54+05:30 [INFO]: New user details : {
  "id": 8195085,
  "name": "Ram 1760942604485",
  "email": "ram.1760942604485@on3.com",
  "gender": "male",
  "status": "active"
}
2025-10-20T12:16:42+05:30 [INFO]: Starting Elements text Box Test
2025-10-20T12:16:45+05:30 [INFO]: Status: 201 Created
2025-10-20T12:17:01+05:30 [INFO]: New user details : {
  "id": 8195088,
  "name": "Ram 1760942802171",
  "email": "ram.1760942802171@on3.com",
  "gender": "male",
  "status": "active"
}
2025-10-20T12:17:27+05:30 [INFO]: updating user details : {}
2025-10-20T12:17:27+05:30 [INFO]: updating user details : {}
2025-10-20T12:19:50+05:30 [INFO]: Starting Elements text Box Test
2025-10-20T12:19:54+05:30 [INFO]: Status: 201 Created
2025-10-20T12:19:54+05:30 [INFO]: New user details : {
  "id": 8195089,
  "name": "Ram 1760942990624",
  "email": "ram.1760942990624@on3.com",
  "gender": "male",
  "status": "active"
}
2025-10-20T12:20:37+05:30 [INFO]: updating user details : {}
2025-10-20T12:20:37+05:30 [INFO]: updating user details : {}
2025-10-20T12:43:06+05:30 [INFO]: Starting Elements text Box Test
2025-10-20T12:43:10+05:30 [INFO]: Status: 201 Created
2025-10-20T12:43:10+05:30 [INFO]: New user details : {
  "id": 8195094,
  "name": "Ram 1760944386195",
  "email": "ram.1760944386195@on3.com",
  "gender": "male",
  "status": "active"
}
2025-10-20T12:43:50+05:30 [INFO]: Starting Elements text Box Test
2025-10-20T12:43:54+05:30 [INFO]: Status: 201 Created
2025-10-20T12:43:54+05:30 [INFO]: New user details : {
  "id": 8195095,
  "name": "Ram 1760944430416",
  "email": "ram.1760944430416@on3.com",
  "gender": "male",
  "status": "active"
}
2025-10-20T12:44:12+05:30 [INFO]: updating user details : {}
2025-10-20T12:44:12+05:30 [INFO]: updating user details : {}
2025-10-20T12:46:52+05:30 [INFO]: Starting Elements text Box Test
2025-10-20T12:47:44+05:30 [INFO]: Status: 201 Created
2025-10-20T12:47:48+05:30 [INFO]: New user details : {
  "id": 8195097,
  "name": "Ram 1760944612108",
  "email": "ram.1760944612108@on3.com",
  "gender": "male",
  "status": "active"
}
2025-10-20T12:49:21+05:30 [INFO]: updating user details : {}
2025-10-20T12:49:21+05:30 [INFO]: updating user details : {}
2025-10-20T12:50:43+05:30 [INFO]: updating user details : {}
2025-10-20T12:50:43+05:30 [INFO]: updating user details : {}
2025-10-20T12:55:33+05:30 [INFO]: updating user details : {}
2025-10-20T12:55:33+05:30 [INFO]: updating user details : {}
2025-10-20T13:10:19+05:30 [INFO]: Starting Elements text Box Test
2025-10-20T13:10:23+05:30 [INFO]: Status: 201 Created
2025-10-20T13:10:23+05:30 [INFO]: New user details : {
  "id": 8195105,
  "name": "Ram 1760946019063",
  "email": "ram.1760946019063@on3.com",
  "gender": "male",
  "status": "active"
}
2025-10-20T13:10:23+05:30 [INFO]: get user details : {}
2025-10-20T13:10:23+05:30 [INFO]: updating user details : {}
2025-10-20T17:30:02+05:30 [INFO]: Starting Elements text Box Test
2025-10-20T17:47:31+05:30 [INFO]: Starting Elements text Box Test
2025-10-20T17:53:14+05:30 [INFO]: Starting Elements text Box Test
2025-10-20T18:07:07+05:30 [INFO]: Starting Elements text Box Test
2025-10-20T18:52:36+05:30 [INFO]: [object Object]
2025-10-20T18:53:33+05:30 [INFO]: {
  "id": 8195259,
  "name": "Ram 1760966612523",
  "email": "ram.1760966612523@on3.com",
  "gender": "male",
  "status": "active"
}
2025-10-20T18:54:14+05:30 [INFO]: Starting Elements text Box Test
2025-10-20T18:54:15+05:30 [INFO]: Status: 201 Created
2025-10-20T18:54:23+05:30 [INFO]: New user details : {
  "id": 8195260,
  "name": "Ram 1760966655172",
  "email": "ram.1760966655172@on3.com",
  "gender": "male",
  "status": "active"
}
2025-10-20T18:54:35+05:30 [INFO]: get user details : {}
2025-10-20T18:54:42+05:30 [INFO]: updating user details : {}
2025-10-20T19:10:03+05:30 [INFO]: Starting Elements text Box Test
2025-10-20T19:10:04+05:30 [INFO]: Status: 201 Created
2025-10-20T19:10:04+05:30 [INFO]: {
  "id": 8195268,
  "name": "Ram 1760967603850",
  "email": "ram.1760967603850@on3.com",
  "gender": "male",
  "status": "active"
}
2025-10-20T19:10:14+05:30 [INFO]: Starting Elements text Box Test
2025-10-20T19:10:15+05:30 [INFO]: Status: 201 Created
2025-10-20T19:10:15+05:30 [INFO]: New user details : {
  "id": 8195269,
  "name": "Ram 1760967614608",
  "email": "ram.1760967614608@on3.com",
  "gender": "male",
  "status": "active"
}
2025-10-20T19:10:15+05:30 [INFO]: get user details : {}
2025-10-20T19:10:15+05:30 [INFO]: updating user details : {}
2025-10-20T19:22:56+05:30 [INFO]: Starting Elements text Box Test
2025-10-20T19:22:56+05:30 [INFO]: Status: 201 Created
2025-10-20T19:22:56+05:30 [INFO]: New user details : {
  "id": 8195274,
  "name": "Ram 1760968376281",
  "email": "ram.1760968376281@on3.com",
  "gender": "male",
  "status": "active"
}
2025-10-20T19:22:56+05:30 [INFO]: get user details : {}
2025-10-20T19:22:56+05:30 [INFO]: updating user details : {}
2025-10-20T19:25:56+05:30 [INFO]: Starting Elements text Box Test
2025-10-20T19:25:57+05:30 [INFO]: Status: 201 Created
2025-10-20T19:25:57+05:30 [INFO]: {
  "id": 8195275,
  "name": "Ram 1760968556957",
  "email": "ram.1760968556957@on3.com",
  "gender": "male",
  "status": "active"
}
2025-10-20T19:26:03+05:30 [INFO]: Starting Elements text Box Test
2025-10-20T19:26:04+05:30 [INFO]: Status: 201 Created
2025-10-20T19:26:04+05:30 [INFO]: New user details : {
  "id": 8195276,
  "name": "Ram 1760968563834",
  "email": "ram.1760968563834@on3.com",
  "gender": "male",
  "status": "active"
}
2025-10-20T19:26:04+05:30 [INFO]: get user details : {}
2025-10-20T19:26:04+05:30 [INFO]: updating user details : {}
2025-10-20T19:28:33+05:30 [INFO]: Starting Elements text Box Test
2025-10-20T19:28:33+05:30 [INFO]: Status: 201 Created
2025-10-20T19:28:33+05:30 [INFO]: New user details : {
  "id": 8195277,
  "name": "Ram 1760968713390",
  "email": "ram.1760968713390@on3.com",
  "gender": "male",
  "status": "active"
}
2025-10-20T19:28:33+05:30 [INFO]: get user details : {}
2025-10-20T19:28:33+05:30 [INFO]: updating user details : {}
2025-10-21T16:30:18+05:30 [INFO]: Status: 201 Created
2025-10-21T16:30:19+05:30 [INFO]: Status: 200 OK
2025-10-21T16:30:19+05:30 [INFO]: Status: 200 OK
2025-10-21T16:40:22+05:30 [INFO]: Status: 201 Created
2025-10-21T16:40:22+05:30 [INFO]: [object Promise]
2025-10-21T16:40:22+05:30 [INFO]: Status: 200 OK
2025-10-21T16:40:22+05:30 [INFO]: [object Promise]
2025-10-21T16:40:23+05:30 [INFO]: Status: 200 OK
2025-10-21T16:40:23+05:30 [INFO]: [object Promise]
2025-10-21T17:11:48+05:30 [INFO]: Status: 201 Created
2025-10-21T17:11:48+05:30 [INFO]: {}
2025-10-21T17:11:49+05:30 [INFO]: Status: 200 OK
2025-10-21T17:11:49+05:30 [INFO]: {}
2025-10-21T17:11:49+05:30 [INFO]: Status: 200 OK
2025-10-21T17:11:49+05:30 [INFO]: {}
2025-10-21T17:13:12+05:30 [INFO]: Status: 201 Created
2025-10-21T17:13:12+05:30 [INFO]: {
  "id": 8196408,
  "name": "Ram 1761046991265",
  "email": "ram.1761046991265@on3.com",
  "gender": "male",
  "status": "active"
}
2025-10-21T17:13:13+05:30 [INFO]: Status: 200 OK
2025-10-21T17:13:13+05:30 [INFO]: {
  "email": "sitha.1761046992846@on3.com",
  "name": "Sitha 1761046992846",
  "gender": "female",
  "status": "active",
  "id": 8196408
}
2025-10-21T17:13:13+05:30 [INFO]: Status: 200 OK
2025-10-21T17:13:13+05:30 [INFO]: {
  "id": 8196408,
  "name": "Sitha 1761046992846",
  "email": "sitha.1761046992846@on3.com",
  "gender": "female",
  "status": "active"
}
2025-10-21T17:40:23+05:30 [INFO]: Starting Elements text Box Test
2025-10-21T17:40:25+05:30 [INFO]: Status: 201 Created
2025-10-21T17:40:25+05:30 [INFO]: {
  "id": 8196467,
  "name": "Ram 1761048623527",
  "email": "ram.1761048623527@on3.com",
  "gender": "male",
  "status": "active"
}
2025-10-21T17:40:25+05:30 [INFO]: Status: 201 Created
2025-10-21T17:40:25+05:30 [INFO]: {
  "id": 8196468,
  "name": "Ram 1761048625348",
  "email": "ram.1761048625348@on3.com",
  "gender": "male",
  "status": "active"
}
2025-10-21T17:40:26+05:30 [INFO]: Status: 200 OK
2025-10-21T17:40:26+05:30 [INFO]: {
  "email": "sitha.1761048625800@on3.com",
  "name": "Sitha 1761048625800",
  "gender": "female",
  "status": "active",
  "id": 8196468
}
2025-10-21T17:40:26+05:30 [INFO]: Status: 200 OK
2025-10-21T17:40:26+05:30 [INFO]: {
  "id": 8196468,
  "name": "Sitha 1761048625800",
  "email": "sitha.1761048625800@on3.com",
  "gender": "female",
  "status": "active"
}
2025-10-21T17:42:21+05:30 [INFO]: Starting Elements text Box Test
2025-10-21T17:42:22+05:30 [INFO]: Status: 201 Created
2025-10-21T17:42:22+05:30 [INFO]: {
  "id": 8196480,
  "name": "Ram 1761048741873",
  "email": "ram.1761048741873@on3.com",
  "gender": "male",
  "status": "active"
}
2025-10-21T17:42:23+05:30 [INFO]: Status: 201 Created
2025-10-21T17:42:23+05:30 [INFO]: {
  "id": 8196481,
  "name": "Ram 1761048742809",
  "email": "ram.1761048742809@on3.com",
  "gender": "male",
  "status": "active"
}
2025-10-21T17:42:23+05:30 [INFO]: Status: 200 OK
2025-10-21T17:42:23+05:30 [INFO]: {
  "email": "sitha.1761048743046@on3.com",
  "name": "Sitha 1761048743046",
  "gender": "female",
  "status": "active",
  "id": 8196481
}
2025-10-21T17:42:23+05:30 [INFO]: Status: 200 OK
2025-10-21T17:42:23+05:30 [INFO]: {
  "id": 8196481,
  "name": "Sitha 1761048743046",
  "email": "sitha.1761048743046@on3.com",
  "gender": "female",
  "status": "active"
}
2025-10-21T17:43:26+05:30 [INFO]: Status: 201 Created
2025-10-21T17:43:26+05:30 [INFO]: {
  "id": 8196484,
  "name": "Ram 1761048805356",
  "email": "ram.1761048805356@on3.com",
  "gender": "male",
  "status": "active"
}
2025-10-21T17:43:26+05:30 [INFO]: Status: 200 OK
2025-10-21T17:43:26+05:30 [INFO]: {
  "email": "sitha.1761048806529@on3.com",
  "name": "Sitha 1761048806529",
  "gender": "female",
  "status": "active",
  "id": 8196484
}
2025-10-21T17:43:27+05:30 [INFO]: Status: 200 OK
2025-10-21T17:43:27+05:30 [INFO]: {
  "id": 8196484,
  "name": "Sitha 1761048806529",
  "email": "sitha.1761048806529@on3.com",
  "gender": "female",
  "status": "active"
}
